// Jest Snapshot v1, https://goo.gl/fbAQLP

exports[`tooltip props basic tooltip component 1`] = `
[
  <span
    id="basic-example"
  >
    Lorem Ipsum
  </span>,
  <div
    className="react-tooltip"
    role="tooltip"
    style={{}}
  >
    Hello World!
    <div
      className="react-tooltip-arrow"
      style={{}}
    />
  </div>,
]
`;

exports[`tooltip props tooltip component - getContent 1`] = `
[
  <span
    id="basic-example-get-content"
  >
    Lorem Ipsum
  </span>,
  <div
    className="react-tooltip"
    role="tooltip"
    style={{}}
  >
    Hello World!
    <div
      className="react-tooltip-arrow"
      style={{}}
    />
  </div>,
]
`;

exports[`tooltip props tooltip component - html 1`] = `
[
  <span
    id="basic-example-html"
  >
    Lorem Ipsum
  </span>,
  <div
    className="react-tooltip"
    role="tooltip"
    style={{}}
  >
    <span
      dangerouslySetInnerHTML={
        {
          "__html": "Hello World!",
        }
      }
    />
    <div
      className="react-tooltip-arrow"
      style={{}}
    />
  </div>,
]
`;

exports[`tooltip props tooltip component - position props 1`] = `
[
  <span
    id="position-props"
  >
    Lorem Ipsum
  </span>,
  <div
    className="react-tooltip"
    role="tooltip"
    style={{}}
  >
    Hello World!
    <div
      className="react-tooltip-arrow"
      style={{}}
    />
  </div>,
]
`;

exports[`tooltip props tooltip component - without anchorId 1`] = `
[
  <span>
    Lorem Ipsum
  </span>,
  <div
    className="react-tooltip"
    role="tooltip"
    style={{}}
  >
    Hello World!
    <div
      className="react-tooltip-arrow"
      style={{}}
    />
  </div>,
]
`;

exports[`tooltip props tooltip component - without element reference 1`] = `
<div
  className="react-tooltip"
  role="tooltip"
  style={{}}
>
  <div
    className="react-tooltip-arrow"
    style={{}}
  />
</div>
`;
